============================= test session starts =============================
platform win32 -- Python 3.13.6, pytest-9.0.2, pluggy-1.6.0
django: version: 5.2.8, settings: erp_quotation.settings (from ini)
rootdir: C:\Users\ADMIN\OneDrive\Desktop\Quotation-Builder
configfile: pytest.ini
testpaths: quotations/tests
plugins: anyio-4.12.0, Faker-38.2.0, asyncio-0.21.1, cov-7.0.0, django-4.11.1
asyncio: mode=Mode.STRICT
collected 35 items

quotations\tests\test_document_generator.py F...                         [ 11%]
quotations\tests\test_forms.py ........                                  [ 34%]
quotations\tests\test_models.py ...........                              [ 65%]
quotations\tests\test_services.py .....                                  [ 80%]
quotations\tests\test_totals.py ..                                       [ 85%]
quotations\tests\test_views.py .                                         [ 88%]
quotations\tests\test_pdf_generator.py FF..                              [100%]

================================== FAILURES ===================================
______________________ test_generate_document_structure _______________________
quotations\tests\test_document_generator.py:73: in test_generate_document_structure
    output_path = generator.generate()
                  ^^^^^^^^^^^^^^^^^^^^
quotations\services\document_generator.py:46: in generate
    self._populate_pricing_sections(doc)
quotations\services\document_generator.py:181: in _populate_pricing_sections
    table_index = list(parent).index(last_element)
                  ^^^^^^^^^^^^^^^^^^^^^^^^^^^^^^^^
E   ValueError: <MagicMock name='mock._element' id='2248471390128'> is not in list
_________________________ test_pdf_generation_success _________________________
quotations\tests\test_pdf_generator.py:18: in test_pdf_generation_success
    pdf_path = generator.generate("output/dir")
               ^^^^^^^^^^^^^^^^^^^^^^^^^^^^^^^^
quotations\services\pdf_generator.py:35: in generate
    os.makedirs(output_dir, exist_ok=True)
<frozen os>:228: in makedirs
    ???
E   FileNotFoundError: [WinError 3] The system cannot find the path specified: 'output/dir'
_________________________ test_libreoffice_not_found __________________________
quotations\tests\test_pdf_generator.py:36: in test_libreoffice_not_found
    assert "LibreOffice is not installed" in str(excinfo.value)
E   assert 'LibreOffice is not installed' in "PDF generation failed: LibreOffice conversion failed: <MagicMock name='run().stderr' id='2248472465424'>"
E    +  where "PDF generation failed: LibreOffice conversion failed: <MagicMock name='run().stderr' id='2248472465424'>" = str(Exception("PDF generation failed: LibreOffice conversion failed: <MagicMock name='run().stderr' id='2248472465424'>"))
E    +    where Exception("PDF generation failed: LibreOffice conversion failed: <MagicMock name='run().stderr' id='2248472465424'>") = <ExceptionInfo Exception("PDF generation failed: LibreOffice conversion failed: <MagicMock name='run().stderr' id='2248472465424'>") tblen=2>.value
=============================== tests coverage ================================
_______________ coverage: platform win32, python 3.13.6-final-0 _______________

Name                                                                                     Stmts   Miss  Cover   Missing
----------------------------------------------------------------------------------------------------------------------
quotations\__init__.py                                                                       0      0   100%
quotations\admin.py                                                                         45      5    89%   58-60, 101, 105
quotations\apps.py                                                                           4      0   100%
quotations\forms.py                                                                        129     39    70%   55, 62, 69, 78, 93, 133-134, 140-145, 149-152, 208, 210-211, 231-232, 253-256, 318-335
quotations\management\__init__.py                                                            0      0   100%
quotations\management\commands\__init__.py                                                   0      0   100%
quotations\management\commands\setup_admin.py                                               20     20     0%   4-31
quotations\migrations\0001_initial.py                                                        9      0   100%
quotations\migrations\0002_alter_quotationitem_quantity_and_more.py                          4      0   100%
quotations\migrations\0003_alter_quotationitem_quotation_quotationlocation_and_more.py       5      0   100%
quotations\migrations\0004_migrate_items_to_locations.py                                    13      3    77%   17-24, 33
quotations\migrations\0005_client_is_active_clientaudit.py                                   6      0   100%
quotations\migrations\__init__.py                                                            0      0   100%
quotations\models.py                                                                       165     17    90%   84, 152, 319, 335-336, 346-352, 357-360, 429
quotations\services\__init__.py                                                              0      0   100%
quotations\services\audit_service.py                                                        33      0   100%
quotations\services\document_generator.py                                                  302    184    39%   49-57, 75-76, 97-98, 106, 110-116, 122, 140, 147-153, 160, 163, 182-241, 245-301, 319, 333-344, 351, 356-357, 361, 369, 376-378, 387-388, 390-391, 393-394, 398-411, 414-421, 424-442, 446-516
quotations\services\email_service.py                                                        19      3    84%   71-74
quotations\services\pdf_generator.py                                                        43     13    70%   53, 75-82, 85, 90, 119-127
quotations\tests.py                                                                          1      1     0%   1
quotations\tests\__init__.py                                                                 0      0   100%
quotations\tests\test_document_generator.py                                                 74      3    96%   76-80
quotations\tests\test_forms.py                                                              49      0   100%
quotations\tests\test_models.py                                                             82      0   100%
quotations\tests\test_pdf_generator.py                                                      39      3    92%   20-22
quotations\tests\test_services.py                                                           60      0   100%
quotations\tests\test_totals.py                                                             21      0   100%
quotations\tests\test_views.py                                                              14      0   100%
quotations\urls.py                                                                           3      0   100%
quotations\views.py                                                                        213    163    23%   29-58, 64-72, 79-97, 107-136, 147-174, 180-210, 216-227, 235-306, 329-341, 350-375, 381-406, 413-474
----------------------------------------------------------------------------------------------------------------------
TOTAL                                                                                     1353    454    66%
=========================== short test summary info ===========================
FAILED quotations/tests/test_document_generator.py::test_generate_document_structure
FAILED quotations/tests/test_pdf_generator.py::test_pdf_generation_success - ...
FAILED quotations/tests/test_pdf_generator.py::test_libreoffice_not_found - a...
======================== 3 failed, 32 passed in 4.46s =========================
